tests.py[LINE:126]# INFO     [2024-06-16 01:43:46,518]  Тест проведения ходьбы успешно выполнен
tests.py[LINE:81]# INFO     [2024-06-16 01:43:59,749]  Тест прочсёта штрафа успешно выполнен
tests.py[LINE:35]# INFO     [2024-06-16 01:44:09,407]  Тест победы игрока успешно выполнен
tests.py[LINE:150]# INFO     [2024-06-16 01:45:25,216]  Тест смерти успешно выполнен
tests.py[LINE:171]# INFO     [2024-06-16 16:53:20,130]  Тест покупки юнитов успешно выполнен
tests.py[LINE:228]# INFO     [2024-06-16 17:05:37,797]  Тест покупки юнитов успешно выполнен
tests.py[LINE:225]# INFO     [2024-06-16 17:11:16,432]  Тест покупки мага-воина успешно выполнен
tests.py[LINE:225]# INFO     [2024-06-16 17:15:11,023]  Тест покупки мага-воина успешно выполнен
tests.py[LINE:58]# INFO     [2024-06-16 17:22:02,245]  Тест победы бота успешно выполнен
